2025/12/05 02:00:37 [emerg] 1#1: duplicate "log_format" name "main" in /etc/nginx/conf.d/default.conf:4
2025/12/05 02:00:38 [emerg] 1#1: duplicate "log_format" name "main" in /etc/nginx/conf.d/default.conf:4
2025/12/05 02:00:38 [emerg] 1#1: duplicate "log_format" name "main" in /etc/nginx/conf.d/default.conf:4
2025/12/05 02:00:39 [emerg] 1#1: duplicate "log_format" name "main" in /etc/nginx/conf.d/default.conf:4
2025/12/05 02:00:40 [emerg] 1#1: duplicate "log_format" name "main" in /etc/nginx/conf.d/default.conf:4
2025/12/05 02:00:42 [emerg] 1#1: duplicate "log_format" name "main" in /etc/nginx/conf.d/default.conf:4
2025/12/05 02:00:45 [emerg] 1#1: duplicate "log_format" name "main" in /etc/nginx/conf.d/default.conf:4
2025/12/05 02:00:52 [emerg] 1#1: duplicate "log_format" name "main" in /etc/nginx/conf.d/default.conf:4
2025/12/05 02:01:05 [emerg] 1#1: duplicate "log_format" name "main" in /etc/nginx/conf.d/default.conf:4
2025/12/05 02:01:31 [emerg] 1#1: duplicate "log_format" name "main" in /etc/nginx/conf.d/default.conf:4
2025/12/05 02:02:22 [emerg] 1#1: duplicate "log_format" name "main" in /etc/nginx/conf.d/default.conf:4
2025/12/05 02:04:08 [emerg] 1#1: "events" directive is not allowed here in /etc/nginx/conf.d/default.conf:4
2025/12/05 02:04:08 [emerg] 1#1: "events" directive is not allowed here in /etc/nginx/conf.d/default.conf:4
2025/12/05 02:04:09 [emerg] 1#1: "events" directive is not allowed here in /etc/nginx/conf.d/default.conf:4
2025/12/05 02:04:09 [emerg] 1#1: "events" directive is not allowed here in /etc/nginx/conf.d/default.conf:4
2025/12/05 02:04:10 [emerg] 1#1: "events" directive is not allowed here in /etc/nginx/conf.d/default.conf:4
2025/12/05 02:04:12 [emerg] 1#1: "events" directive is not allowed here in /etc/nginx/conf.d/default.conf:4
2025/12/05 02:04:16 [emerg] 1#1: "events" directive is not allowed here in /etc/nginx/conf.d/default.conf:4
2025/12/05 02:04:22 [emerg] 1#1: "events" directive is not allowed here in /etc/nginx/conf.d/default.conf:4
2025/12/05 02:04:35 [emerg] 1#1: "events" directive is not allowed here in /etc/nginx/conf.d/default.conf:4
2025/12/05 02:05:01 [emerg] 1#1: "events" directive is not allowed here in /etc/nginx/conf.d/default.conf:4
2025/12/05 02:05:52 [emerg] 1#1: "events" directive is not allowed here in /etc/nginx/conf.d/default.conf:4
2025/12/05 02:11:48 [emerg] 1#1: "events" directive is not allowed here in /etc/nginx/conf.d/default.conf:4
2025/12/05 02:11:48 [emerg] 1#1: "events" directive is not allowed here in /etc/nginx/conf.d/default.conf:4
2025/12/05 02:11:49 [emerg] 1#1: "events" directive is not allowed here in /etc/nginx/conf.d/default.conf:4
2025/12/05 02:11:49 [emerg] 1#1: "events" directive is not allowed here in /etc/nginx/conf.d/default.conf:4
2025/12/05 02:11:50 [emerg] 1#1: "events" directive is not allowed here in /etc/nginx/conf.d/default.conf:4
2025/12/05 02:11:52 [emerg] 1#1: "events" directive is not allowed here in /etc/nginx/conf.d/default.conf:4
2025/12/05 02:11:55 [emerg] 1#1: "events" directive is not allowed here in /etc/nginx/conf.d/default.conf:4
2025/12/05 02:12:02 [emerg] 1#1: "events" directive is not allowed here in /etc/nginx/conf.d/default.conf:4
2025/12/05 02:12:15 [emerg] 1#1: "events" directive is not allowed here in /etc/nginx/conf.d/default.conf:4
2025/12/05 02:12:41 [emerg] 1#1: "events" directive is not allowed here in /etc/nginx/conf.d/default.conf:4
2025/12/05 02:13:32 [emerg] 1#1: "events" directive is not allowed here in /etc/nginx/conf.d/default.conf:4
2025/12/05 02:14:32 [emerg] 1#1: "events" directive is not allowed here in /etc/nginx/conf.d/default.conf:4
2025/12/05 02:15:33 [emerg] 1#1: "events" directive is not allowed here in /etc/nginx/conf.d/default.conf:4
2025/12/05 02:16:33 [emerg] 1#1: "events" directive is not allowed here in /etc/nginx/conf.d/default.conf:4
2025/12/05 02:17:22 [emerg] 1#1: "events" directive is not allowed here in /etc/nginx/conf.d/nginx.conf:4
2025/12/05 02:17:23 [emerg] 1#1: "events" directive is not allowed here in /etc/nginx/conf.d/nginx.conf:4
2025/12/05 02:17:23 [emerg] 1#1: "events" directive is not allowed here in /etc/nginx/conf.d/nginx.conf:4
2025/12/05 02:17:24 [emerg] 1#1: "events" directive is not allowed here in /etc/nginx/conf.d/nginx.conf:4
2025/12/05 02:17:25 [emerg] 1#1: "events" directive is not allowed here in /etc/nginx/conf.d/nginx.conf:4
2025/12/05 02:17:27 [emerg] 1#1: "events" directive is not allowed here in /etc/nginx/conf.d/nginx.conf:4
2025/12/05 02:17:30 [emerg] 1#1: "events" directive is not allowed here in /etc/nginx/conf.d/nginx.conf:4
2025/12/05 02:17:37 [emerg] 1#1: "events" directive is not allowed here in /etc/nginx/conf.d/nginx.conf:4
2025/12/05 02:17:50 [emerg] 1#1: "events" directive is not allowed here in /etc/nginx/conf.d/nginx.conf:4
2025/12/05 02:18:15 [emerg] 1#1: "events" directive is not allowed here in /etc/nginx/conf.d/nginx.conf:4
2025/12/05 02:23:43 [notice] 56#56: signal process started
2025/12/05 02:24:31 [notice] 66#66: signal process started
2026/04/06 02:11:44 [warn] 1#1: the "listen ... http2" directive is deprecated, use the "http2" directive instead in /etc/nginx/nginx.conf:44
